ERROR - 2026-06-24 23:10:10 --> Table 'db_companyprofile.products' doesn't exist
in SYSTEMPATH\Database\MySQLi\Connection.php on line 300.
 1 SYSTEMPATH\Database\MySQLi\Connection.php(300): mysqli->query('SELECT `products`.*, `categories`.`name` as `category_name`
FROM `products`
LEFT JOIN `categories` ON `categories`.`id` = `products`.`category_id`
ORDER BY `products`.`created_at` DESC
 LIMIT 8', 0)
 2 SYSTEMPATH\Database\BaseConnection.php(910): CodeIgniter\Database\MySQLi\Connection->execute('SELECT `products`.*, `categories`.`name` as `category_name`
FROM `products`
LEFT JOIN `categories` ON `categories`.`id` = `products`.`category_id`
ORDER BY `products`.`created_at` DESC
 LIMIT 8')
 3 SYSTEMPATH\Database\BaseConnection.php(827): CodeIgniter\Database\BaseConnection->simpleQuery('SELECT `products`.*, `categories`.`name` as `category_name`
FROM `products`
LEFT JOIN `categories` ON `categories`.`id` = `products`.`category_id`
ORDER BY `products`.`created_at` DESC
 LIMIT 8')
 4 SYSTEMPATH\Database\BaseBuilder.php(1649): CodeIgniter\Database\BaseConnection->query('SELECT `products`.*, `categories`.`name` as `category_name`
FROM `products`
LEFT JOIN `categories` ON `categories`.`id` = `products`.`category_id`
ORDER BY `products`.`created_at` DESC
 LIMIT 8', [], false)
 5 SYSTEMPATH\Model.php(253): CodeIgniter\Database\BaseBuilder->get()
 6 SYSTEMPATH\BaseModel.php(676): CodeIgniter\Model->doFindAll(8, 0)
 7 APPPATH\Models\ProductModel.php(29): CodeIgniter\BaseModel->findAll(8)
 8 APPPATH\Controllers\Home.php(24): App\Models\ProductModel->getLatest(8)
 9 SYSTEMPATH\CodeIgniter.php(951): App\Controllers\Home->index()
10 SYSTEMPATH\CodeIgniter.php(497): CodeIgniter\CodeIgniter->runController(Object(App\Controllers\Home))
11 SYSTEMPATH\CodeIgniter.php(340): CodeIgniter\CodeIgniter->handleRequest(null, Object(Config\Cache), false)
12 SYSTEMPATH\Boot.php(417): CodeIgniter\CodeIgniter->run()
13 SYSTEMPATH\Boot.php(68): CodeIgniter\Boot::runCodeIgniter(Object(CodeIgniter\CodeIgniter))
14 FCPATH\index.php(67): CodeIgniter\Boot::bootWeb(Object(Config\Paths))
CRITICAL - 2026-06-24 23:10:10 --> CodeIgniter\Database\Exceptions\DatabaseException: Table 'db_companyprofile.products' doesn't exist
[Method: GET, Route: /]
in SYSTEMPATH\Database\BaseConnection.php on line 865.
 1 SYSTEMPATH\Database\BaseBuilder.php(1649): CodeIgniter\Database\BaseConnection->query('SELECT `products`.*, `categories`.`name` as `category_name`
FROM `products`
LEFT JOIN `categories` ON `categories`.`id` = `products`.`category_id`
ORDER BY `products`.`created_at` DESC
 LIMIT 8', [], false)
 2 SYSTEMPATH\Model.php(253): CodeIgniter\Database\BaseBuilder->get()
 3 SYSTEMPATH\BaseModel.php(676): CodeIgniter\Model->doFindAll(8, 0)
 4 APPPATH\Models\ProductModel.php(29): CodeIgniter\BaseModel->findAll(8)
 5 APPPATH\Controllers\Home.php(24): App\Models\ProductModel->getLatest(8)
 6 SYSTEMPATH\CodeIgniter.php(951): App\Controllers\Home->index()
 7 SYSTEMPATH\CodeIgniter.php(497): CodeIgniter\CodeIgniter->runController(Object(App\Controllers\Home))
 8 SYSTEMPATH\CodeIgniter.php(340): CodeIgniter\CodeIgniter->handleRequest(null, Object(Config\Cache), false)
 9 SYSTEMPATH\Boot.php(417): CodeIgniter\CodeIgniter->run()
10 SYSTEMPATH\Boot.php(68): CodeIgniter\Boot::runCodeIgniter(Object(CodeIgniter\CodeIgniter))
11 FCPATH\index.php(67): CodeIgniter\Boot::bootWeb(Object(Config\Paths))
CRITICAL - 2026-06-24 23:10:10 --> [Caused by] CodeIgniter\Database\Exceptions\DatabaseException: Table 'db_companyprofile.products' doesn't exist
in SYSTEMPATH\Database\MySQLi\Connection.php on line 310.
 1 SYSTEMPATH\Database\BaseConnection.php(910): CodeIgniter\Database\MySQLi\Connection->execute('SELECT `products`.*, `categories`.`name` as `category_name`
FROM `products`
LEFT JOIN `categories` ON `categories`.`id` = `products`.`category_id`
ORDER BY `products`.`created_at` DESC
 LIMIT 8')
 2 SYSTEMPATH\Database\BaseConnection.php(827): CodeIgniter\Database\BaseConnection->simpleQuery('SELECT `products`.*, `categories`.`name` as `category_name`
FROM `products`
LEFT JOIN `categories` ON `categories`.`id` = `products`.`category_id`
ORDER BY `products`.`created_at` DESC
 LIMIT 8')
 3 SYSTEMPATH\Database\BaseBuilder.php(1649): CodeIgniter\Database\BaseConnection->query('SELECT `products`.*, `categories`.`name` as `category_name`
FROM `products`
LEFT JOIN `categories` ON `categories`.`id` = `products`.`category_id`
ORDER BY `products`.`created_at` DESC
 LIMIT 8', [], false)
 4 SYSTEMPATH\Model.php(253): CodeIgniter\Database\BaseBuilder->get()
 5 SYSTEMPATH\BaseModel.php(676): CodeIgniter\Model->doFindAll(8, 0)
 6 APPPATH\Models\ProductModel.php(29): CodeIgniter\BaseModel->findAll(8)
 7 APPPATH\Controllers\Home.php(24): App\Models\ProductModel->getLatest(8)
 8 SYSTEMPATH\CodeIgniter.php(951): App\Controllers\Home->index()
 9 SYSTEMPATH\CodeIgniter.php(497): CodeIgniter\CodeIgniter->runController(Object(App\Controllers\Home))
10 SYSTEMPATH\CodeIgniter.php(340): CodeIgniter\CodeIgniter->handleRequest(null, Object(Config\Cache), false)
11 SYSTEMPATH\Boot.php(417): CodeIgniter\CodeIgniter->run()
12 SYSTEMPATH\Boot.php(68): CodeIgniter\Boot::runCodeIgniter(Object(CodeIgniter\CodeIgniter))
13 FCPATH\index.php(67): CodeIgniter\Boot::bootWeb(Object(Config\Paths))
CRITICAL - 2026-06-24 23:10:10 --> [Caused by] mysqli_sql_exception: Table 'db_companyprofile.products' doesn't exist
in SYSTEMPATH\Database\MySQLi\Connection.php on line 300.
 1 SYSTEMPATH\Database\MySQLi\Connection.php(300): mysqli->query('SELECT `products`.*, `categories`.`name` as `category_name`
FROM `products`
LEFT JOIN `categories` ON `categories`.`id` = `products`.`category_id`
ORDER BY `products`.`created_at` DESC
 LIMIT 8', 0)
 2 SYSTEMPATH\Database\BaseConnection.php(910): CodeIgniter\Database\MySQLi\Connection->execute('SELECT `products`.*, `categories`.`name` as `category_name`
FROM `products`
LEFT JOIN `categories` ON `categories`.`id` = `products`.`category_id`
ORDER BY `products`.`created_at` DESC
 LIMIT 8')
 3 SYSTEMPATH\Database\BaseConnection.php(827): CodeIgniter\Database\BaseConnection->simpleQuery('SELECT `products`.*, `categories`.`name` as `category_name`
FROM `products`
LEFT JOIN `categories` ON `categories`.`id` = `products`.`category_id`
ORDER BY `products`.`created_at` DESC
 LIMIT 8')
 4 SYSTEMPATH\Database\BaseBuilder.php(1649): CodeIgniter\Database\BaseConnection->query('SELECT `products`.*, `categories`.`name` as `category_name`
FROM `products`
LEFT JOIN `categories` ON `categories`.`id` = `products`.`category_id`
ORDER BY `products`.`created_at` DESC
 LIMIT 8', [], false)
 5 SYSTEMPATH\Model.php(253): CodeIgniter\Database\BaseBuilder->get()
 6 SYSTEMPATH\BaseModel.php(676): CodeIgniter\Model->doFindAll(8, 0)
 7 APPPATH\Models\ProductModel.php(29): CodeIgniter\BaseModel->findAll(8)
 8 APPPATH\Controllers\Home.php(24): App\Models\ProductModel->getLatest(8)
 9 SYSTEMPATH\CodeIgniter.php(951): App\Controllers\Home->index()
10 SYSTEMPATH\CodeIgniter.php(497): CodeIgniter\CodeIgniter->runController(Object(App\Controllers\Home))
11 SYSTEMPATH\CodeIgniter.php(340): CodeIgniter\CodeIgniter->handleRequest(null, Object(Config\Cache), false)
12 SYSTEMPATH\Boot.php(417): CodeIgniter\CodeIgniter->run()
13 SYSTEMPATH\Boot.php(68): CodeIgniter\Boot::runCodeIgniter(Object(CodeIgniter\CodeIgniter))
14 FCPATH\index.php(67): CodeIgniter\Boot::bootWeb(Object(Config\Paths))
ERROR - 2026-06-24 23:12:35 --> Table 'profile' already exists
in SYSTEMPATH\Database\MySQLi\Connection.php on line 300.
 1 SYSTEMPATH\Database\MySQLi\Connection.php(300): mysqli->query('CREATE TABLE `profile` (
	`id` INT(11) UNSIGNED NOT NULL AUTO_INCREMENT,
	`nama_perusahaan` VARCHAR(255) NOT NULL,
	`logo` VARCHAR(255) NULL,
	`deskripsi` TEXT NULL,
	`visi` TEXT NULL,
	`misi` TEXT NULL,
	`alamat` TEXT NULL,
	`email` VARCHAR(100) NULL,
	`telepon` VARCHAR(20) NULL,
	`website` VARCHAR(100) NULL,
	CONSTRAINT `pk_profile` PRIMARY KEY(`id`)
) DEFAULT CHARACTER SET = utf8mb4 COLLATE = utf8mb4_unicode_ci', 0)
 2 SYSTEMPATH\Database\BaseConnection.php(910): CodeIgniter\Database\MySQLi\Connection->execute('CREATE TABLE `profile` (
	`id` INT(11) UNSIGNED NOT NULL AUTO_INCREMENT,
	`nama_perusahaan` VARCHAR(255) NOT NULL,
	`logo` VARCHAR(255) NULL,
	`deskripsi` TEXT NULL,
	`visi` TEXT NULL,
	`misi` TEXT NULL,
	`alamat` TEXT NULL,
	`email` VARCHAR(100) NULL,
	`telepon` VARCHAR(20) NULL,
	`website` VARCHAR(100) NULL,
	CONSTRAINT `pk_profile` PRIMARY KEY(`id`)
) DEFAULT CHARACTER SET = utf8mb4 COLLATE = utf8mb4_unicode_ci')
 3 SYSTEMPATH\Database\BaseConnection.php(827): CodeIgniter\Database\BaseConnection->simpleQuery('CREATE TABLE `profile` (
	`id` INT(11) UNSIGNED NOT NULL AUTO_INCREMENT,
	`nama_perusahaan` VARCHAR(255) NOT NULL,
	`logo` VARCHAR(255) NULL,
	`deskripsi` TEXT NULL,
	`visi` TEXT NULL,
	`misi` TEXT NULL,
	`alamat` TEXT NULL,
	`email` VARCHAR(100) NULL,
	`telepon` VARCHAR(20) NULL,
	`website` VARCHAR(100) NULL,
	CONSTRAINT `pk_profile` PRIMARY KEY(`id`)
) DEFAULT CHARACTER SET = utf8mb4 COLLATE = utf8mb4_unicode_ci')
 4 SYSTEMPATH\Database\Forge.php(570): CodeIgniter\Database\BaseConnection->query('CREATE TABLE `profile` (
	`id` INT(11) UNSIGNED NOT NULL AUTO_INCREMENT,
	`nama_perusahaan` VARCHAR(255) NOT NULL,
	`logo` VARCHAR(255) NULL,
	`deskripsi` TEXT NULL,
	`visi` TEXT NULL,
	`misi` TEXT NULL,
	`alamat` TEXT NULL,
	`email` VARCHAR(100) NULL,
	`telepon` VARCHAR(20) NULL,
	`website` VARCHAR(100) NULL,
	CONSTRAINT `pk_profile` PRIMARY KEY(`id`)
) DEFAULT CHARACTER SET = utf8mb4 COLLATE = utf8mb4_unicode_ci')
 5 APPPATH\Database\Migrations\2024-01-01-000001_CreateProfileTable.php(24): CodeIgniter\Database\Forge->createTable('profile')
 6 SYSTEMPATH\Database\MigrationRunner.php(1014): App\Database\Migrations\CreateProfileTable->up()
 7 SYSTEMPATH\Database\MigrationRunner.php(202): CodeIgniter\Database\MigrationRunner->migrate('up', Object(stdClass))
 8 SYSTEMPATH\Commands\Database\Migrate.php(89): CodeIgniter\Database\MigrationRunner->latest(null)
 9 SYSTEMPATH\CLI\SignalTrait.php(245): CodeIgniter\Commands\Database\Migrate::CodeIgniter\Commands\Database\{closure}()
10 SYSTEMPATH\Commands\Database\Migrate.php(88): CodeIgniter\Commands\Database\Migrate->withSignalsBlocked(Object(Closure))
11 SYSTEMPATH\CLI\Commands.php(74): CodeIgniter\Commands\Database\Migrate->run([])
12 SYSTEMPATH\CLI\Console.php(47): CodeIgniter\CLI\Commands->run('migrate', [])
13 SYSTEMPATH\Boot.php(442): CodeIgniter\CLI\Console->run()
14 SYSTEMPATH\Boot.php(166): CodeIgniter\Boot::runCommand(Object(CodeIgniter\CLI\Console))
15 ROOTPATH\spark(87): CodeIgniter\Boot::bootSpark(Object(Config\Paths))
CRITICAL - 2026-06-24 23:12:35 --> ErrorException: require(C:\laragon\www\companyprofile\app\Views/errors/cli/error_exception.php): Failed to open stream: No such file or directory
[Method: CLI, Route: migrate]
in SYSTEMPATH\CLI\BaseCommand.php on line 133.
 1 SYSTEMPATH\CLI\BaseCommand.php(133): CodeIgniter\Debug\Exceptions->errorHandler(2, 'require(C:\\laragon\\www\\companyprofile\\app\\Views/errors/cli/error_exception.php): Failed to open stream: No such file or directory', 'C:\\laragon\\www\\companyprofile\\system\\CLI\\BaseCommand.php', 133)
 2 SYSTEMPATH\CLI\BaseCommand.php(133): require()
 3 SYSTEMPATH\Commands\Database\Migrate.php(104): CodeIgniter\CLI\BaseCommand->showError(Object(CodeIgniter\Database\Exceptions\DatabaseException))
 4 SYSTEMPATH\CLI\Commands.php(74): CodeIgniter\Commands\Database\Migrate->run([])
 5 SYSTEMPATH\CLI\Console.php(47): CodeIgniter\CLI\Commands->run('migrate', [])
 6 SYSTEMPATH\Boot.php(442): CodeIgniter\CLI\Console->run()
 7 SYSTEMPATH\Boot.php(166): CodeIgniter\Boot::runCommand(Object(CodeIgniter\CLI\Console))
 8 ROOTPATH\spark(87): CodeIgniter\Boot::bootSpark(Object(Config\Paths))
ERROR - 2026-06-24 23:12:51 --> Table 'profile' already exists
in SYSTEMPATH\Database\MySQLi\Connection.php on line 300.
 1 SYSTEMPATH\Database\MySQLi\Connection.php(300): mysqli->query('CREATE TABLE `profile` (
	`id` INT(11) UNSIGNED NOT NULL AUTO_INCREMENT,
	`nama_perusahaan` VARCHAR(255) NOT NULL,
	`logo` VARCHAR(255) NULL,
	`deskripsi` TEXT NULL,
	`visi` TEXT NULL,
	`misi` TEXT NULL,
	`alamat` TEXT NULL,
	`email` VARCHAR(100) NULL,
	`telepon` VARCHAR(20) NULL,
	`website` VARCHAR(100) NULL,
	CONSTRAINT `pk_profile` PRIMARY KEY(`id`)
) DEFAULT CHARACTER SET = utf8mb4 COLLATE = utf8mb4_unicode_ci', 0)
 2 SYSTEMPATH\Database\BaseConnection.php(910): CodeIgniter\Database\MySQLi\Connection->execute('CREATE TABLE `profile` (
	`id` INT(11) UNSIGNED NOT NULL AUTO_INCREMENT,
	`nama_perusahaan` VARCHAR(255) NOT NULL,
	`logo` VARCHAR(255) NULL,
	`deskripsi` TEXT NULL,
	`visi` TEXT NULL,
	`misi` TEXT NULL,
	`alamat` TEXT NULL,
	`email` VARCHAR(100) NULL,
	`telepon` VARCHAR(20) NULL,
	`website` VARCHAR(100) NULL,
	CONSTRAINT `pk_profile` PRIMARY KEY(`id`)
) DEFAULT CHARACTER SET = utf8mb4 COLLATE = utf8mb4_unicode_ci')
 3 SYSTEMPATH\Database\BaseConnection.php(827): CodeIgniter\Database\BaseConnection->simpleQuery('CREATE TABLE `profile` (
	`id` INT(11) UNSIGNED NOT NULL AUTO_INCREMENT,
	`nama_perusahaan` VARCHAR(255) NOT NULL,
	`logo` VARCHAR(255) NULL,
	`deskripsi` TEXT NULL,
	`visi` TEXT NULL,
	`misi` TEXT NULL,
	`alamat` TEXT NULL,
	`email` VARCHAR(100) NULL,
	`telepon` VARCHAR(20) NULL,
	`website` VARCHAR(100) NULL,
	CONSTRAINT `pk_profile` PRIMARY KEY(`id`)
) DEFAULT CHARACTER SET = utf8mb4 COLLATE = utf8mb4_unicode_ci')
 4 SYSTEMPATH\Database\Forge.php(570): CodeIgniter\Database\BaseConnection->query('CREATE TABLE `profile` (
	`id` INT(11) UNSIGNED NOT NULL AUTO_INCREMENT,
	`nama_perusahaan` VARCHAR(255) NOT NULL,
	`logo` VARCHAR(255) NULL,
	`deskripsi` TEXT NULL,
	`visi` TEXT NULL,
	`misi` TEXT NULL,
	`alamat` TEXT NULL,
	`email` VARCHAR(100) NULL,
	`telepon` VARCHAR(20) NULL,
	`website` VARCHAR(100) NULL,
	CONSTRAINT `pk_profile` PRIMARY KEY(`id`)
) DEFAULT CHARACTER SET = utf8mb4 COLLATE = utf8mb4_unicode_ci')
 5 APPPATH\Database\Migrations\2024-01-01-000001_CreateProfileTable.php(24): CodeIgniter\Database\Forge->createTable('profile')
 6 SYSTEMPATH\Database\MigrationRunner.php(1014): App\Database\Migrations\CreateProfileTable->up()
 7 SYSTEMPATH\Database\MigrationRunner.php(202): CodeIgniter\Database\MigrationRunner->migrate('up', Object(stdClass))
 8 SYSTEMPATH\Commands\Database\Migrate.php(89): CodeIgniter\Database\MigrationRunner->latest(null)
 9 SYSTEMPATH\CLI\SignalTrait.php(245): CodeIgniter\Commands\Database\Migrate::CodeIgniter\Commands\Database\{closure}()
10 SYSTEMPATH\Commands\Database\Migrate.php(88): CodeIgniter\Commands\Database\Migrate->withSignalsBlocked(Object(Closure))
11 SYSTEMPATH\CLI\Commands.php(74): CodeIgniter\Commands\Database\Migrate->run([])
12 SYSTEMPATH\CLI\Console.php(47): CodeIgniter\CLI\Commands->run('migrate', [])
13 SYSTEMPATH\Boot.php(442): CodeIgniter\CLI\Console->run()
14 SYSTEMPATH\Boot.php(166): CodeIgniter\Boot::runCommand(Object(CodeIgniter\CLI\Console))
15 ROOTPATH\spark(87): CodeIgniter\Boot::bootSpark(Object(Config\Paths))
CRITICAL - 2026-06-24 23:12:51 --> ErrorException: require(C:\laragon\www\companyprofile\app\Views/errors/cli/error_exception.php): Failed to open stream: No such file or directory
[Method: CLI, Route: migrate]
in SYSTEMPATH\CLI\BaseCommand.php on line 133.
 1 SYSTEMPATH\CLI\BaseCommand.php(133): CodeIgniter\Debug\Exceptions->errorHandler(2, 'require(C:\\laragon\\www\\companyprofile\\app\\Views/errors/cli/error_exception.php): Failed to open stream: No such file or directory', 'C:\\laragon\\www\\companyprofile\\system\\CLI\\BaseCommand.php', 133)
 2 SYSTEMPATH\CLI\BaseCommand.php(133): require()
 3 SYSTEMPATH\Commands\Database\Migrate.php(104): CodeIgniter\CLI\BaseCommand->showError(Object(CodeIgniter\Database\Exceptions\DatabaseException))
 4 SYSTEMPATH\CLI\Commands.php(74): CodeIgniter\Commands\Database\Migrate->run([])
 5 SYSTEMPATH\CLI\Console.php(47): CodeIgniter\CLI\Commands->run('migrate', [])
 6 SYSTEMPATH\Boot.php(442): CodeIgniter\CLI\Console->run()
 7 SYSTEMPATH\Boot.php(166): CodeIgniter\Boot::runCommand(Object(CodeIgniter\CLI\Console))
 8 ROOTPATH\spark(87): CodeIgniter\Boot::bootSpark(Object(Config\Paths))
ERROR - 2026-06-24 23:13:23 --> Table 'db_companyprofile.products' doesn't exist
in SYSTEMPATH\Database\MySQLi\Connection.php on line 300.
 1 SYSTEMPATH\Database\MySQLi\Connection.php(300): mysqli->query('SELECT `products`.*, `categories`.`name` as `category_name`
FROM `products`
LEFT JOIN `categories` ON `categories`.`id` = `products`.`category_id`
ORDER BY `products`.`created_at` DESC
 LIMIT 8', 0)
 2 SYSTEMPATH\Database\BaseConnection.php(910): CodeIgniter\Database\MySQLi\Connection->execute('SELECT `products`.*, `categories`.`name` as `category_name`
FROM `products`
LEFT JOIN `categories` ON `categories`.`id` = `products`.`category_id`
ORDER BY `products`.`created_at` DESC
 LIMIT 8')
 3 SYSTEMPATH\Database\BaseConnection.php(827): CodeIgniter\Database\BaseConnection->simpleQuery('SELECT `products`.*, `categories`.`name` as `category_name`
FROM `products`
LEFT JOIN `categories` ON `categories`.`id` = `products`.`category_id`
ORDER BY `products`.`created_at` DESC
 LIMIT 8')
 4 SYSTEMPATH\Database\BaseBuilder.php(1649): CodeIgniter\Database\BaseConnection->query('SELECT `products`.*, `categories`.`name` as `category_name`
FROM `products`
LEFT JOIN `categories` ON `categories`.`id` = `products`.`category_id`
ORDER BY `products`.`created_at` DESC
 LIMIT 8', [], false)
 5 SYSTEMPATH\Model.php(253): CodeIgniter\Database\BaseBuilder->get()
 6 SYSTEMPATH\BaseModel.php(676): CodeIgniter\Model->doFindAll(8, 0)
 7 APPPATH\Models\ProductModel.php(29): CodeIgniter\BaseModel->findAll(8)
 8 APPPATH\Controllers\Home.php(24): App\Models\ProductModel->getLatest(8)
 9 SYSTEMPATH\CodeIgniter.php(951): App\Controllers\Home->index()
10 SYSTEMPATH\CodeIgniter.php(497): CodeIgniter\CodeIgniter->runController(Object(App\Controllers\Home))
11 SYSTEMPATH\CodeIgniter.php(340): CodeIgniter\CodeIgniter->handleRequest(null, Object(Config\Cache), false)
12 SYSTEMPATH\Boot.php(417): CodeIgniter\CodeIgniter->run()
13 SYSTEMPATH\Boot.php(68): CodeIgniter\Boot::runCodeIgniter(Object(CodeIgniter\CodeIgniter))
14 FCPATH\index.php(67): CodeIgniter\Boot::bootWeb(Object(Config\Paths))
CRITICAL - 2026-06-24 23:13:23 --> CodeIgniter\Database\Exceptions\DatabaseException: Table 'db_companyprofile.products' doesn't exist
[Method: GET, Route: /]
in SYSTEMPATH\Database\BaseConnection.php on line 865.
 1 SYSTEMPATH\Database\BaseBuilder.php(1649): CodeIgniter\Database\BaseConnection->query('SELECT `products`.*, `categories`.`name` as `category_name`
FROM `products`
LEFT JOIN `categories` ON `categories`.`id` = `products`.`category_id`
ORDER BY `products`.`created_at` DESC
 LIMIT 8', [], false)
 2 SYSTEMPATH\Model.php(253): CodeIgniter\Database\BaseBuilder->get()
 3 SYSTEMPATH\BaseModel.php(676): CodeIgniter\Model->doFindAll(8, 0)
 4 APPPATH\Models\ProductModel.php(29): CodeIgniter\BaseModel->findAll(8)
 5 APPPATH\Controllers\Home.php(24): App\Models\ProductModel->getLatest(8)
 6 SYSTEMPATH\CodeIgniter.php(951): App\Controllers\Home->index()
 7 SYSTEMPATH\CodeIgniter.php(497): CodeIgniter\CodeIgniter->runController(Object(App\Controllers\Home))
 8 SYSTEMPATH\CodeIgniter.php(340): CodeIgniter\CodeIgniter->handleRequest(null, Object(Config\Cache), false)
 9 SYSTEMPATH\Boot.php(417): CodeIgniter\CodeIgniter->run()
10 SYSTEMPATH\Boot.php(68): CodeIgniter\Boot::runCodeIgniter(Object(CodeIgniter\CodeIgniter))
11 FCPATH\index.php(67): CodeIgniter\Boot::bootWeb(Object(Config\Paths))
CRITICAL - 2026-06-24 23:13:23 --> [Caused by] CodeIgniter\Database\Exceptions\DatabaseException: Table 'db_companyprofile.products' doesn't exist
in SYSTEMPATH\Database\MySQLi\Connection.php on line 310.
 1 SYSTEMPATH\Database\BaseConnection.php(910): CodeIgniter\Database\MySQLi\Connection->execute('SELECT `products`.*, `categories`.`name` as `category_name`
FROM `products`
LEFT JOIN `categories` ON `categories`.`id` = `products`.`category_id`
ORDER BY `products`.`created_at` DESC
 LIMIT 8')
 2 SYSTEMPATH\Database\BaseConnection.php(827): CodeIgniter\Database\BaseConnection->simpleQuery('SELECT `products`.*, `categories`.`name` as `category_name`
FROM `products`
LEFT JOIN `categories` ON `categories`.`id` = `products`.`category_id`
ORDER BY `products`.`created_at` DESC
 LIMIT 8')
 3 SYSTEMPATH\Database\BaseBuilder.php(1649): CodeIgniter\Database\BaseConnection->query('SELECT `products`.*, `categories`.`name` as `category_name`
FROM `products`
LEFT JOIN `categories` ON `categories`.`id` = `products`.`category_id`
ORDER BY `products`.`created_at` DESC
 LIMIT 8', [], false)
 4 SYSTEMPATH\Model.php(253): CodeIgniter\Database\BaseBuilder->get()
 5 SYSTEMPATH\BaseModel.php(676): CodeIgniter\Model->doFindAll(8, 0)
 6 APPPATH\Models\ProductModel.php(29): CodeIgniter\BaseModel->findAll(8)
 7 APPPATH\Controllers\Home.php(24): App\Models\ProductModel->getLatest(8)
 8 SYSTEMPATH\CodeIgniter.php(951): App\Controllers\Home->index()
 9 SYSTEMPATH\CodeIgniter.php(497): CodeIgniter\CodeIgniter->runController(Object(App\Controllers\Home))
10 SYSTEMPATH\CodeIgniter.php(340): CodeIgniter\CodeIgniter->handleRequest(null, Object(Config\Cache), false)
11 SYSTEMPATH\Boot.php(417): CodeIgniter\CodeIgniter->run()
12 SYSTEMPATH\Boot.php(68): CodeIgniter\Boot::runCodeIgniter(Object(CodeIgniter\CodeIgniter))
13 FCPATH\index.php(67): CodeIgniter\Boot::bootWeb(Object(Config\Paths))
CRITICAL - 2026-06-24 23:13:23 --> [Caused by] mysqli_sql_exception: Table 'db_companyprofile.products' doesn't exist
in SYSTEMPATH\Database\MySQLi\Connection.php on line 300.
 1 SYSTEMPATH\Database\MySQLi\Connection.php(300): mysqli->query('SELECT `products`.*, `categories`.`name` as `category_name`
FROM `products`
LEFT JOIN `categories` ON `categories`.`id` = `products`.`category_id`
ORDER BY `products`.`created_at` DESC
 LIMIT 8', 0)
 2 SYSTEMPATH\Database\BaseConnection.php(910): CodeIgniter\Database\MySQLi\Connection->execute('SELECT `products`.*, `categories`.`name` as `category_name`
FROM `products`
LEFT JOIN `categories` ON `categories`.`id` = `products`.`category_id`
ORDER BY `products`.`created_at` DESC
 LIMIT 8')
 3 SYSTEMPATH\Database\BaseConnection.php(827): CodeIgniter\Database\BaseConnection->simpleQuery('SELECT `products`.*, `categories`.`name` as `category_name`
FROM `products`
LEFT JOIN `categories` ON `categories`.`id` = `products`.`category_id`
ORDER BY `products`.`created_at` DESC
 LIMIT 8')
 4 SYSTEMPATH\Database\BaseBuilder.php(1649): CodeIgniter\Database\BaseConnection->query('SELECT `products`.*, `categories`.`name` as `category_name`
FROM `products`
LEFT JOIN `categories` ON `categories`.`id` = `products`.`category_id`
ORDER BY `products`.`created_at` DESC
 LIMIT 8', [], false)
 5 SYSTEMPATH\Model.php(253): CodeIgniter\Database\BaseBuilder->get()
 6 SYSTEMPATH\BaseModel.php(676): CodeIgniter\Model->doFindAll(8, 0)
 7 APPPATH\Models\ProductModel.php(29): CodeIgniter\BaseModel->findAll(8)
 8 APPPATH\Controllers\Home.php(24): App\Models\ProductModel->getLatest(8)
 9 SYSTEMPATH\CodeIgniter.php(951): App\Controllers\Home->index()
10 SYSTEMPATH\CodeIgniter.php(497): CodeIgniter\CodeIgniter->runController(Object(App\Controllers\Home))
11 SYSTEMPATH\CodeIgniter.php(340): CodeIgniter\CodeIgniter->handleRequest(null, Object(Config\Cache), false)
12 SYSTEMPATH\Boot.php(417): CodeIgniter\CodeIgniter->run()
13 SYSTEMPATH\Boot.php(68): CodeIgniter\Boot::runCodeIgniter(Object(CodeIgniter\CodeIgniter))
14 FCPATH\index.php(67): CodeIgniter\Boot::bootWeb(Object(Config\Paths))
DEBUG - 2026-06-24 23:18:32 --> Session: Class initialized using 'CodeIgniter\Session\Handlers\FileHandler' driver.
DEBUG - 2026-06-24 23:26:04 --> Session: Class initialized using 'CodeIgniter\Session\Handlers\FileHandler' driver.
DEBUG - 2026-06-24 23:26:08 --> Session: Class initialized using 'CodeIgniter\Session\Handlers\FileHandler' driver.
DEBUG - 2026-06-24 23:26:38 --> Session: Class initialized using 'CodeIgniter\Session\Handlers\FileHandler' driver.
DEBUG - 2026-06-24 23:47:20 --> Session: Class initialized using 'CodeIgniter\Session\Handlers\FileHandler' driver.
DEBUG - 2026-06-24 23:47:25 --> Session: Class initialized using 'CodeIgniter\Session\Handlers\FileHandler' driver.
DEBUG - 2026-06-24 23:54:02 --> Session: Class initialized using 'CodeIgniter\Session\Handlers\FileHandler' driver.
DEBUG - 2026-06-24 23:54:06 --> Session: Class initialized using 'CodeIgniter\Session\Handlers\FileHandler' driver.
DEBUG - 2026-06-24 23:55:49 --> Session: Class initialized using 'CodeIgniter\Session\Handlers\FileHandler' driver.
